I'm sorry, but errors were detected in your script. Please correct the
errors listed below, and try again.


File "game/script.rpy", line 49: invalid syntax
    else
    

Ren'Py Version: Ren'Py 7.3.2.320
Wed Jul 31 23:06:48 2019
